[debug] [2026-02-19T17:18:33.185Z] ----------------------------------------------------------------------
[debug] [2026-02-19T17:18:33.188Z] Command:       C:\nvm4w\nodejs\node.exe C:\nvm4w\nodejs\node_modules\firebase-tools\lib\bin\firebase.js deploy --only functions
[debug] [2026-02-19T17:18:33.188Z] CLI Version:   15.6.0
[debug] [2026-02-19T17:18:33.188Z] Platform:      win32
[debug] [2026-02-19T17:18:33.188Z] Node Version:  v20.19.0
[debug] [2026-02-19T17:18:33.188Z] Time:          Thu Feb 19 2026 17:18:33 GMT+0000 (Greenwich Mean Time)
[debug] [2026-02-19T17:18:33.188Z] ----------------------------------------------------------------------
[debug] 
[debug] [2026-02-19T17:18:35.895Z] > command requires scopes: ["email","openid","https://www.googleapis.com/auth/cloudplatformprojects.readonly","https://www.googleapis.com/auth/firebase","https://www.googleapis.com/auth/cloud-platform"]
[debug] [2026-02-19T17:18:35.896Z] > authorizing via signed-in user (russell.english@stormit.co.uk)
[debug] [2026-02-19T17:18:35.896Z] [iam] checking project model-cloud for permissions ["cloudfunctions.functions.create","cloudfunctions.functions.delete","cloudfunctions.functions.get","cloudfunctions.functions.list","cloudfunctions.functions.update","cloudfunctions.operations.get","firebase.projects.get"]
[debug] [2026-02-19T17:18:35.897Z] Checked if tokens are valid: true, expires at: 1771523170136
[debug] [2026-02-19T17:18:35.897Z] Checked if tokens are valid: true, expires at: 1771523170136
[debug] [2026-02-19T17:18:35.898Z] >>> [apiv2][query] POST https://cloudresourcemanager.googleapis.com/v1/projects/model-cloud:testIamPermissions [none]
[debug] [2026-02-19T17:18:35.898Z] >>> [apiv2][(partial)header] POST https://cloudresourcemanager.googleapis.com/v1/projects/model-cloud:testIamPermissions  x-goog-user-project=model-cloud
[debug] [2026-02-19T17:18:35.898Z] >>> [apiv2][body] POST https://cloudresourcemanager.googleapis.com/v1/projects/model-cloud:testIamPermissions {"permissions":["cloudfunctions.functions.create","cloudfunctions.functions.delete","cloudfunctions.functions.get","cloudfunctions.functions.list","cloudfunctions.functions.update","cloudfunctions.operations.get","firebase.projects.get"]}
[debug] [2026-02-19T17:18:36.158Z] <<< [apiv2][status] POST https://cloudresourcemanager.googleapis.com/v1/projects/model-cloud:testIamPermissions 200
[debug] [2026-02-19T17:18:36.159Z] <<< [apiv2][body] POST https://cloudresourcemanager.googleapis.com/v1/projects/model-cloud:testIamPermissions {"permissions":["cloudfunctions.functions.create","cloudfunctions.functions.delete","cloudfunctions.functions.get","cloudfunctions.functions.list","cloudfunctions.functions.update","cloudfunctions.operations.get","firebase.projects.get"]}
[debug] [2026-02-19T17:18:36.159Z] Checked if tokens are valid: true, expires at: 1771523170136
[debug] [2026-02-19T17:18:36.159Z] Checked if tokens are valid: true, expires at: 1771523170136
[debug] [2026-02-19T17:18:36.159Z] >>> [apiv2][query] POST https://iam.googleapis.com/v1/projects/model-cloud/serviceAccounts/model-cloud@appspot.gserviceaccount.com:testIamPermissions [none]
[debug] [2026-02-19T17:18:36.159Z] >>> [apiv2][body] POST https://iam.googleapis.com/v1/projects/model-cloud/serviceAccounts/model-cloud@appspot.gserviceaccount.com:testIamPermissions {"permissions":["iam.serviceAccounts.actAs"]}
[debug] [2026-02-19T17:18:36.809Z] <<< [apiv2][status] POST https://iam.googleapis.com/v1/projects/model-cloud/serviceAccounts/model-cloud@appspot.gserviceaccount.com:testIamPermissions 200
[debug] [2026-02-19T17:18:36.809Z] <<< [apiv2][body] POST https://iam.googleapis.com/v1/projects/model-cloud/serviceAccounts/model-cloud@appspot.gserviceaccount.com:testIamPermissions {"permissions":["iam.serviceAccounts.actAs"]}
[info] 
[info] === Deploying to 'model-cloud'...
[info] 
[info] i  deploying functions 
[debug] [2026-02-19T17:18:36.812Z] Checked if tokens are valid: true, expires at: 1771523170136
[debug] [2026-02-19T17:18:36.812Z] Checked if tokens are valid: true, expires at: 1771523170136
[debug] [2026-02-19T17:18:36.812Z] >>> [apiv2][query] GET https://cloudresourcemanager.googleapis.com/v1/projects/model-cloud [none]
[debug] [2026-02-19T17:18:37.003Z] <<< [apiv2][status] GET https://cloudresourcemanager.googleapis.com/v1/projects/model-cloud 200
[debug] [2026-02-19T17:18:37.004Z] <<< [apiv2][body] GET https://cloudresourcemanager.googleapis.com/v1/projects/model-cloud {"projectNumber":"658518658808","projectId":"model-cloud","lifecycleState":"ACTIVE","name":"model-cloud","labels":{"firebase":"enabled"},"createTime":"2024-10-11T08:04:05.082116Z","parent":{"type":"organization","id":"907313623123"}}
[info] i  functions: preparing codebase default for deployment 
[info] i  functions: ensuring required API cloudfunctions.googleapis.com is enabled... 
[info] i  functions: ensuring required API cloudbuild.googleapis.com is enabled... 
[info] i  artifactregistry: ensuring required API artifactregistry.googleapis.com is enabled... 
[debug] [2026-02-19T17:18:37.006Z] Checked if tokens are valid: true, expires at: 1771523170136
[debug] [2026-02-19T17:18:37.006Z] Checked if tokens are valid: true, expires at: 1771523170136
[debug] [2026-02-19T17:18:37.006Z] >>> [apiv2][query] GET https://firebase.googleapis.com/v1beta1/projects/model-cloud/adminSdkConfig [none]
[debug] [2026-02-19T17:18:37.722Z] <<< [apiv2][status] GET https://firebase.googleapis.com/v1beta1/projects/model-cloud/adminSdkConfig 200
[debug] [2026-02-19T17:18:37.722Z] <<< [apiv2][body] GET https://firebase.googleapis.com/v1beta1/projects/model-cloud/adminSdkConfig {"projectId":"model-cloud","storageBucket":"model-cloud.appspot.com","locationId":"europe-west2"}
[debug] [2026-02-19T17:18:37.722Z] Checked if tokens are valid: true, expires at: 1771523170136
[debug] [2026-02-19T17:18:37.722Z] Checked if tokens are valid: true, expires at: 1771523170136
[debug] [2026-02-19T17:18:37.722Z] >>> [apiv2][query] GET https://runtimeconfig.googleapis.com/v1beta1/projects/model-cloud/configs [none]
[debug] [2026-02-19T17:18:37.956Z] <<< [apiv2][status] GET https://runtimeconfig.googleapis.com/v1beta1/projects/model-cloud/configs 200
[debug] [2026-02-19T17:18:37.956Z] <<< [apiv2][body] GET https://runtimeconfig.googleapis.com/v1beta1/projects/model-cloud/configs {"configs":[{"name":"projects/model-cloud/configs/cloudinary"}]}
[debug] [2026-02-19T17:18:37.957Z] Checked if tokens are valid: true, expires at: 1771523170136
[debug] [2026-02-19T17:18:37.957Z] Checked if tokens are valid: true, expires at: 1771523170136
[debug] [2026-02-19T17:18:37.957Z] >>> [apiv2][query] GET https://runtimeconfig.googleapis.com/v1beta1/projects/model-cloud/configs/cloudinary/variables [none]
[debug] [2026-02-19T17:18:38.155Z] <<< [apiv2][status] GET https://runtimeconfig.googleapis.com/v1beta1/projects/model-cloud/configs/cloudinary/variables 200
[debug] [2026-02-19T17:18:38.155Z] <<< [apiv2][body] GET https://runtimeconfig.googleapis.com/v1beta1/projects/model-cloud/configs/cloudinary/variables {"variables":[{"name":"projects/model-cloud/configs/cloudinary/variables/api_secret","updateTime":"2024-10-19T10:33:53.126490030Z"},{"name":"projects/model-cloud/configs/cloudinary/variables/cloud_name","updateTime":"2024-10-19T10:33:52.074881335Z"},{"name":"projects/model-cloud/configs/cloudinary/variables/api_key","updateTime":"2024-10-19T10:33:51.355868098Z"}]}
[debug] [2026-02-19T17:18:38.155Z] Checked if tokens are valid: true, expires at: 1771523170136
[debug] [2026-02-19T17:18:38.155Z] Checked if tokens are valid: true, expires at: 1771523170136
[debug] [2026-02-19T17:18:38.155Z] Checked if tokens are valid: true, expires at: 1771523170136
[debug] [2026-02-19T17:18:38.155Z] Checked if tokens are valid: true, expires at: 1771523170136
[debug] [2026-02-19T17:18:38.155Z] Checked if tokens are valid: true, expires at: 1771523170136
[debug] [2026-02-19T17:18:38.155Z] Checked if tokens are valid: true, expires at: 1771523170136
[debug] [2026-02-19T17:18:38.155Z] >>> [apiv2][query] GET https://runtimeconfig.googleapis.com/v1beta1/projects/model-cloud/configs/cloudinary/variables/api_secret [none]
[debug] [2026-02-19T17:18:38.156Z] >>> [apiv2][query] GET https://runtimeconfig.googleapis.com/v1beta1/projects/model-cloud/configs/cloudinary/variables/cloud_name [none]
[debug] [2026-02-19T17:18:38.157Z] >>> [apiv2][query] GET https://runtimeconfig.googleapis.com/v1beta1/projects/model-cloud/configs/cloudinary/variables/api_key [none]
[debug] [2026-02-19T17:18:38.373Z] <<< [apiv2][status] GET https://runtimeconfig.googleapis.com/v1beta1/projects/model-cloud/configs/cloudinary/variables/api_secret 200
[debug] [2026-02-19T17:18:38.373Z] <<< [apiv2][body] GET https://runtimeconfig.googleapis.com/v1beta1/projects/model-cloud/configs/cloudinary/variables/api_secret {"name":"projects/model-cloud/configs/cloudinary/variables/api_secret","updateTime":"2024-10-19T10:33:53.126490030Z","text":"AjiyC5drg5QdFiLiibkma9RNmZM"}
[debug] [2026-02-19T17:18:38.379Z] <<< [apiv2][status] GET https://runtimeconfig.googleapis.com/v1beta1/projects/model-cloud/configs/cloudinary/variables/cloud_name 200
[debug] [2026-02-19T17:18:38.379Z] <<< [apiv2][body] GET https://runtimeconfig.googleapis.com/v1beta1/projects/model-cloud/configs/cloudinary/variables/cloud_name {"name":"projects/model-cloud/configs/cloudinary/variables/cloud_name","updateTime":"2024-10-19T10:33:52.074881335Z","text":"model-cloud-react"}
[debug] [2026-02-19T17:18:38.410Z] <<< [apiv2][status] GET https://runtimeconfig.googleapis.com/v1beta1/projects/model-cloud/configs/cloudinary/variables/api_key 200
[debug] [2026-02-19T17:18:38.410Z] <<< [apiv2][body] GET https://runtimeconfig.googleapis.com/v1beta1/projects/model-cloud/configs/cloudinary/variables/api_key {"name":"projects/model-cloud/configs/cloudinary/variables/api_key","updateTime":"2024-10-19T10:33:51.355868098Z","text":"548237218758814"}
[debug] [2026-02-19T17:18:38.412Z] Validating nodejs source
[warn] !  functions: package.json indicates an outdated version of firebase-functions. Please upgrade using npm install --save firebase-functions@latest in your functions directory. 
[warn] !  functions: Please note that there will be breaking changes when you upgrade. 
[debug] [2026-02-19T17:18:39.812Z] > [functions] package.json contents: {
  "name": "functions",
  "description": "Cloud Functions for Firebase",
  "scripts": {
    "serve": "firebase emulators:start --only functions",
    "shell": "firebase functions:shell",
    "start": "npm run shell",
    "deploy": "firebase deploy --only functions",
    "logs": "firebase functions:log"
  },
  "engines": {
    "node": "22"
  },
  "main": "index.js",
  "dependencies": {
    "@google-analytics/data": "^5.2.1",
    "@sendgrid/mail": "^8.1.6",
    "axios": "^1.8.4",
    "cloudinary": "^1.41.0",
    "dotenv": "^16.3.1",
    "firebase-admin": "^12.6.0",
    "firebase-functions": "^6.0.1",
    "follower-count": "^0.5.0",
    "stripe": "^14.25.0"
  },
  "devDependencies": {
    "firebase-functions-test": "^3.1.0"
  },
  "private": true
}
[debug] [2026-02-19T17:18:39.813Z] Building nodejs source
[info] i  functions: Loading and analyzing source code for codebase default to determine what to deploy 
[debug] [2026-02-19T17:18:39.816Z] Could not find functions.yaml. Must use http discovery
[debug] [2026-02-19T17:18:39.827Z] Found firebase-functions binary at 'D:\Development\model-cloud-v4\functions\node_modules\.bin\firebase-functions'
[info] Serving at port 8526

[info] ✅ Stripe configured successfully

[info] Cloudinary configured successfully

[info] ✅ SendGrid configured successfully

[debug] [2026-02-19T17:18:41.485Z] Got response from /__/functions.yaml {"endpoints":{"getSystemSettings":{"availableMemoryMb":null,"timeoutSeconds":null,"minInstances":null,"maxInstances":null,"ingressSettings":null,"concurrency":null,"serviceAccountEmail":null,"vpc":null,"platform":"gcfv2","labels":{},"callableTrigger":{},"entryPoint":"getSystemSettings"},"updateSystemSettings":{"availableMemoryMb":null,"timeoutSeconds":null,"minInstances":null,"maxInstances":null,"ingressSettings":null,"concurrency":null,"serviceAccountEmail":null,"vpc":null,"platform":"gcfv2","labels":{},"callableTrigger":{},"entryPoint":"updateSystemSettings"},"initializeFreeTier":{"availableMemoryMb":null,"timeoutSeconds":null,"minInstances":null,"maxInstances":null,"ingressSettings":null,"concurrency":null,"serviceAccountEmail":null,"vpc":null,"platform":"gcfv2","labels":{},"callableTrigger":{},"entryPoint":"initializeFreeTier"},"getSubscriptionStatus":{"availableMemoryMb":null,"timeoutSeconds":null,"minInstances":null,"maxInstances":null,"ingressSettings":null,"concurrency":null,"serviceAccountEmail":null,"vpc":null,"platform":"gcfv2","labels":{},"callableTrigger":{},"entryPoint":"getSubscriptionStatus"},"createSubscriptionCheckoutSession":{"availableMemoryMb":null,"timeoutSeconds":null,"minInstances":null,"maxInstances":null,"ingressSettings":null,"concurrency":null,"serviceAccountEmail":null,"vpc":null,"platform":"gcfv2","labels":{},"callableTrigger":{},"entryPoint":"createSubscriptionCheckoutSession"},"createCustomerPortalSession":{"availableMemoryMb":null,"timeoutSeconds":null,"minInstances":null,"maxInstances":null,"ingressSettings":null,"concurrency":null,"serviceAccountEmail":null,"vpc":null,"platform":"gcfv2","labels":{},"callableTrigger":{},"entryPoint":"createCustomerPortalSession"},"upgradeSubscription":{"availableMemoryMb":null,"timeoutSeconds":null,"minInstances":null,"maxInstances":null,"ingressSettings":null,"concurrency":null,"serviceAccountEmail":null,"vpc":null,"platform":"gcfv2","labels":{},"callableTrigger":{},"entryPoint":"upgradeSubscription"},"purchaseAdditionalSeats":{"availableMemoryMb":null,"timeoutSeconds":null,"minInstances":null,"maxInstances":null,"ingressSettings":null,"concurrency":null,"serviceAccountEmail":null,"vpc":null,"platform":"gcfv2","labels":{},"callableTrigger":{},"entryPoint":"purchaseAdditionalSeats"},"assignSeatToClient":{"availableMemoryMb":null,"timeoutSeconds":null,"minInstances":null,"maxInstances":null,"ingressSettings":null,"concurrency":null,"serviceAccountEmail":null,"vpc":null,"platform":"gcfv2","labels":{},"callableTrigger":{},"entryPoint":"assignSeatToClient"},"removeSeatFromClient":{"availableMemoryMb":null,"timeoutSeconds":null,"minInstances":null,"maxInstances":null,"ingressSettings":null,"concurrency":null,"serviceAccountEmail":null,"vpc":null,"platform":"gcfv2","labels":{},"callableTrigger":{},"entryPoint":"removeSeatFromClient"},"getAgencyManagedUsers":{"availableMemoryMb":null,"timeoutSeconds":null,"minInstances":null,"maxInstances":null,"ingressSettings":null,"concurrency":null,"serviceAccountEmail":null,"vpc":null,"platform":"gcfv2","labels":{},"callableTrigger":{},"entryPoint":"getAgencyManagedUsers"},"updateInstagramFollowerCount":{"availableMemoryMb":null,"timeoutSeconds":null,"minInstances":null,"maxInstances":null,"ingressSettings":null,"concurrency":null,"serviceAccountEmail":null,"vpc":null,"platform":"gcfv2","labels":{},"callableTrigger":{},"entryPoint":"updateInstagramFollowerCount"},"sendApplicationEmail":{"availableMemoryMb":null,"timeoutSeconds":null,"minInstances":null,"maxInstances":null,"ingressSettings":null,"concurrency":null,"serviceAccountEmail":null,"vpc":null,"platform":"gcfv2","labels":{},"callableTrigger":{},"entryPoint":"sendApplicationEmail"},"sendModelApplicationConfirmation":{"availableMemoryMb":null,"timeoutSeconds":null,"minInstances":null,"maxInstances":null,"ingressSettings":null,"concurrency":null,"serviceAccountEmail":null,"vpc":null,"platform":"gcfv2","labels":{},"callableTrigger":{},"entryPoint":"sendModelApplicationConfirmation"},"sendJobInvitationEmail":{"availableMemoryMb":null,"timeoutSeconds":null,"minInstances":null,"maxInstances":null,"ingressSettings":null,"concurrency":null,"serviceAccountEmail":null,"vpc":null,"platform":"gcfv2","labels":{},"callableTrigger":{},"entryPoint":"sendJobInvitationEmail"},"sendVerificationEmail":{"availableMemoryMb":null,"timeoutSeconds":null,"minInstances":null,"maxInstances":null,"ingressSettings":null,"concurrency":null,"serviceAccountEmail":null,"vpc":null,"platform":"gcfv2","labels":{},"callableTrigger":{},"entryPoint":"sendVerificationEmail"},"sendUnverificationEmail":{"availableMemoryMb":null,"timeoutSeconds":null,"minInstances":null,"maxInstances":null,"ingressSettings":null,"concurrency":null,"serviceAccountEmail":null,"vpc":null,"platform":"gcfv2","labels":{},"callableTrigger":{},"entryPoint":"sendUnverificationEmail"},"sendWelcomeEmail":{"availableMemoryMb":null,"timeoutSeconds":null,"minInstances":null,"maxInstances":null,"ingressSettings":null,"concurrency":null,"serviceAccountEmail":null,"vpc":null,"platform":"gcfv2","labels":{},"callableTrigger":{},"entryPoint":"sendWelcomeEmail"},"onUserCreated":{"availableMemoryMb":null,"timeoutSeconds":null,"minInstances":null,"maxInstances":null,"ingressSettings":null,"concurrency":null,"serviceAccountEmail":null,"vpc":null,"platform":"gcfv2","labels":{},"eventTrigger":{"eventType":"google.cloud.firestore.document.v1.created","eventFilters":{"database":"(default)","namespace":"(default)"},"eventFilterPathPatterns":{"document":"users/{userId}"},"retry":false},"entryPoint":"onUserCreated"},"createThread":{"availableMemoryMb":null,"timeoutSeconds":null,"minInstances":null,"maxInstances":null,"ingressSettings":null,"concurrency":null,"serviceAccountEmail":null,"vpc":null,"platform":"gcfv2","labels":{},"callableTrigger":{},"entryPoint":"createThread"},"onMessageCreated":{"availableMemoryMb":null,"timeoutSeconds":null,"minInstances":null,"maxInstances":null,"ingressSettings":null,"concurrency":null,"serviceAccountEmail":null,"vpc":null,"platform":"gcfv2","labels":{},"eventTrigger":{"eventType":"google.cloud.firestore.document.v1.created","eventFilters":{"database":"(default)","namespace":"(default)"},"eventFilterPathPatterns":{"document":"threads/{threadId}/messages/{messageId}"},"retry":false},"entryPoint":"onMessageCreated"},"sendShareListEmail":{"availableMemoryMb":null,"timeoutSeconds":null,"minInstances":null,"maxInstances":null,"ingressSettings":null,"concurrency":null,"serviceAccountEmail":null,"vpc":null,"platform":"gcfv2","labels":{},"callableTrigger":{},"entryPoint":"sendShareListEmail"},"sendZCardEmail":{"availableMemoryMb":null,"timeoutSeconds":null,"minInstances":null,"maxInstances":null,"ingressSettings":null,"concurrency":null,"serviceAccountEmail":null,"vpc":null,"platform":"gcfv2","labels":{},"callableTrigger":{},"entryPoint":"sendZCardEmail"},"markThreadAsRead":{"availableMemoryMb":null,"timeoutSeconds":null,"minInstances":null,"maxInstances":null,"ingressSettings":null,"concurrency":null,"serviceAccountEmail":null,"vpc":null,"platform":"gcfv2","labels":{},"callableTrigger":{},"entryPoint":"markThreadAsRead"},"deleteModel":{"availableMemoryMb":null,"timeoutSeconds":null,"minInstances":null,"maxInstances":null,"ingressSettings":null,"concurrency":null,"serviceAccountEmail":null,"vpc":null,"platform":"gcfv2","labels":{},"callableTrigger":{},"entryPoint":"deleteModel"},"deleteUserAuth":{"availableMemoryMb":null,"timeoutSeconds":null,"minInstances":null,"maxInstances":null,"ingressSettings":null,"concurrency":null,"serviceAccountEmail":null,"vpc":null,"platform":"gcfv2","labels":{},"callableTrigger":{},"entryPoint":"deleteUserAuth"},"adminResetUserPassword":{"availableMemoryMb":null,"timeoutSeconds":null,"minInstances":null,"maxInstances":null,"ingressSettings":null,"concurrency":null,"serviceAccountEmail":null,"vpc":null,"platform":"gcfv2","labels":{},"callableTrigger":{},"entryPoint":"adminResetUserPassword"},"adminUpdateUserEmail":{"availableMemoryMb":null,"timeoutSeconds":null,"minInstances":null,"maxInstances":null,"ingressSettings":null,"concurrency":null,"serviceAccountEmail":null,"vpc":null,"platform":"gcfv2","labels":{},"callableTrigger":{},"entryPoint":"adminUpdateUserEmail"},"importModels":{"availableMemoryMb":null,"timeoutSeconds":540,"minInstances":null,"maxInstances":null,"ingressSettings":null,"concurrency":null,"serviceAccountEmail":null,"vpc":null,"platform":"gcfv2","labels":{},"callableTrigger":{},"entryPoint":"importModels"},"getOrphanedAuthAccounts":{"availableMemoryMb":null,"timeoutSeconds":null,"minInstances":null,"maxInstances":null,"ingressSettings":null,"concurrency":null,"serviceAccountEmail":null,"vpc":null,"platform":"gcfv2","labels":{},"callableTrigger":{},"entryPoint":"getOrphanedAuthAccounts"},"deleteOrphanedAuthAccounts":{"availableMemoryMb":null,"timeoutSeconds":null,"minInstances":null,"maxInstances":null,"ingressSettings":null,"concurrency":null,"serviceAccountEmail":null,"vpc":null,"platform":"gcfv2","labels":{},"callableTrigger":{},"entryPoint":"deleteOrphanedAuthAccounts"},"getOrphanedCloudinaryFolders":{"availableMemoryMb":null,"timeoutSeconds":null,"minInstances":null,"maxInstances":null,"ingressSettings":null,"concurrency":null,"serviceAccountEmail":null,"vpc":null,"platform":"gcfv2","labels":{},"callableTrigger":{},"entryPoint":"getOrphanedCloudinaryFolders"},"deleteOrphanedCloudinaryFolders":{"availableMemoryMb":null,"timeoutSeconds":null,"minInstances":null,"maxInstances":null,"ingressSettings":null,"concurrency":null,"serviceAccountEmail":null,"vpc":null,"platform":"gcfv2","labels":{},"callableTrigger":{},"entryPoint":"deleteOrphanedCloudinaryFolders"},"getModelsImageStats":{"availableMemoryMb":null,"timeoutSeconds":300,"minInstances":null,"maxInstances":null,"ingressSettings":null,"concurrency":null,"serviceAccountEmail":null,"vpc":null,"platform":"gcfv2","labels":{},"callableTrigger":{},"entryPoint":"getModelsImageStats"},"optimizeModelImages":{"availableMemoryMb":null,"timeoutSeconds":540,"minInstances":null,"maxInstances":null,"ingressSettings":null,"concurrency":null,"serviceAccountEmail":null,"vpc":null,"platform":"gcfv2","labels":{},"callableTrigger":{},"entryPoint":"optimizeModelImages"},"getGA4Analytics":{"availableMemoryMb":null,"timeoutSeconds":null,"minInstances":null,"maxInstances":null,"ingressSettings":null,"concurrency":null,"serviceAccountEmail":null,"vpc":null,"platform":"gcfv2","labels":{},"callableTrigger":{},"entryPoint":"getGA4Analytics"},"getGA4DailyData":{"availableMemoryMb":null,"timeoutSeconds":null,"minInstances":null,"maxInstances":null,"ingressSettings":null,"concurrency":null,"serviceAccountEmail":null,"vpc":null,"platform":"gcfv2","labels":{},"callableTrigger":{},"entryPoint":"getGA4DailyData"},"getModelProfileViews":{"availableMemoryMb":null,"timeoutSeconds":null,"minInstances":null,"maxInstances":null,"ingressSettings":null,"concurrency":null,"serviceAccountEmail":null,"vpc":null,"platform":"gcfv2","labels":{},"callableTrigger":{},"entryPoint":"getModelProfileViews"},"getTrafficSources":{"availableMemoryMb":null,"timeoutSeconds":null,"minInstances":null,"maxInstances":null,"ingressSettings":null,"concurrency":null,"serviceAccountEmail":null,"vpc":null,"platform":"gcfv2","labels":{},"callableTrigger":{},"entryPoint":"getTrafficSources"},"getGeographicData":{"availableMemoryMb":null,"timeoutSeconds":null,"minInstances":null,"maxInstances":null,"ingressSettings":null,"concurrency":null,"serviceAccountEmail":null,"vpc":null,"platform":"gcfv2","labels":{},"callableTrigger":{},"entryPoint":"getGeographicData"},"getJobCount":{"availableMemoryMb":null,"timeoutSeconds":null,"minInstances":null,"maxInstances":null,"ingressSettings":null,"concurrency":null,"serviceAccountEmail":null,"vpc":null,"platform":"gcfv2","labels":{},"callableTrigger":{},"entryPoint":"getJobCount"},"getUserCount":{"availableMemoryMb":null,"timeoutSeconds":null,"minInstances":null,"maxInstances":null,"ingressSettings":null,"concurrency":null,"serviceAccountEmail":null,"vpc":null,"platform":"gcfv2","labels":{},"callableTrigger":{},"entryPoint":"getUserCount"},"getInstagramFollowers":{"availableMemoryMb":null,"timeoutSeconds":null,"minInstances":null,"maxInstances":null,"ingressSettings":null,"concurrency":null,"serviceAccountEmail":null,"vpc":null,"platform":"gcfv2","labels":{},"callableTrigger":{},"entryPoint":"getInstagramFollowers"},"createStripeConnectedAccount":{"availableMemoryMb":null,"timeoutSeconds":null,"minInstances":null,"maxInstances":null,"ingressSettings":null,"concurrency":null,"serviceAccountEmail":null,"vpc":null,"platform":"gcfv2","labels":{},"callableTrigger":{},"entryPoint":"createStripeConnectedAccount"},"createStripeOnboardingLink":{"availableMemoryMb":null,"timeoutSeconds":null,"minInstances":null,"maxInstances":null,"ingressSettings":null,"concurrency":null,"serviceAccountEmail":null,"vpc":null,"platform":"gcfv2","labels":{},"callableTrigger":{},"entryPoint":"createStripeOnboardingLink"},"createStripeDashboardLink":{"availableMemoryMb":null,"timeoutSeconds":null,"minInstances":null,"maxInstances":null,"ingressSettings":null,"concurrency":null,"serviceAccountEmail":null,"vpc":null,"platform":"gcfv2","labels":{},"callableTrigger":{},"entryPoint":"createStripeDashboardLink"},"getStripeAccountStatus":{"availableMemoryMb":null,"timeoutSeconds":null,"minInstances":null,"maxInstances":null,"ingressSettings":null,"concurrency":null,"serviceAccountEmail":null,"vpc":null,"platform":"gcfv2","labels":{},"callableTrigger":{},"entryPoint":"getStripeAccountStatus"},"createStripeCustomer":{"availableMemoryMb":null,"timeoutSeconds":null,"minInstances":null,"maxInstances":null,"ingressSettings":null,"concurrency":null,"serviceAccountEmail":null,"vpc":null,"platform":"gcfv2","labels":{},"callableTrigger":{},"entryPoint":"createStripeCustomer"},"createSetupIntent":{"availableMemoryMb":null,"timeoutSeconds":null,"minInstances":null,"maxInstances":null,"ingressSettings":null,"concurrency":null,"serviceAccountEmail":null,"vpc":null,"platform":"gcfv2","labels":{},"callableTrigger":{},"entryPoint":"createSetupIntent"},"getSavedPaymentMethods":{"availableMemoryMb":null,"timeoutSeconds":null,"minInstances":null,"maxInstances":null,"ingressSettings":null,"concurrency":null,"serviceAccountEmail":null,"vpc":null,"platform":"gcfv2","labels":{},"callableTrigger":{},"entryPoint":"getSavedPaymentMethods"},"deletePaymentMethod":{"availableMemoryMb":null,"timeoutSeconds":null,"minInstances":null,"maxInstances":null,"ingressSettings":null,"concurrency":null,"serviceAccountEmail":null,"vpc":null,"platform":"gcfv2","labels":{},"callableTrigger":{},"entryPoint":"deletePaymentMethod"},"setDefaultPaymentMethod":{"availableMemoryMb":null,"timeoutSeconds":null,"minInstances":null,"maxInstances":null,"ingressSettings":null,"concurrency":null,"serviceAccountEmail":null,"vpc":null,"platform":"gcfv2","labels":{},"callableTrigger":{},"entryPoint":"setDefaultPaymentMethod"},"awardJobToModel":{"availableMemoryMb":null,"timeoutSeconds":null,"minInstances":null,"maxInstances":null,"ingressSettings":null,"concurrency":null,"serviceAccountEmail":null,"vpc":null,"platform":"gcfv2","labels":{},"callableTrigger":{},"entryPoint":"awardJobToModel"},"createJobPaymentIntent":{"availableMemoryMb":null,"timeoutSeconds":null,"minInstances":null,"maxInstances":null,"ingressSettings":null,"concurrency":null,"serviceAccountEmail":null,"vpc":null,"platform":"gcfv2","labels":{},"callableTrigger":{},"entryPoint":"createJobPaymentIntent"},"confirmJobPaymentAuthorized":{"availableMemoryMb":null,"timeoutSeconds":null,"minInstances":null,"maxInstances":null,"ingressSettings":null,"concurrency":null,"serviceAccountEmail":null,"vpc":null,"platform":"gcfv2","labels":{},"callableTrigger":{},"entryPoint":"confirmJobPaymentAuthorized"},"modelMarkJobComplete":{"availableMemoryMb":null,"timeoutSeconds":null,"minInstances":null,"maxInstances":null,"ingressSettings":null,"concurrency":null,"serviceAccountEmail":null,"vpc":null,"platform":"gcfv2","labels":{},"callableTrigger":{},"entryPoint":"modelMarkJobComplete"},"clientConfirmJobComplete":{"availableMemoryMb":null,"timeoutSeconds":null,"minInstances":null,"maxInstances":null,"ingressSettings":null,"concurrency":null,"serviceAccountEmail":null,"vpc":null,"platform":"gcfv2","labels":{},"callableTrigger":{},"entryPoint":"clientConfirmJobComplete"},"adminManageJobPayment":{"availableMemoryMb":null,"timeoutSeconds":null,"minInstances":null,"maxInstances":null,"ingressSettings":null,"concurrency":null,"serviceAccountEmail":null,"vpc":null,"platform":"gcfv2","labels":{},"callableTrigger":{},"entryPoint":"adminManageJobPayment"},"getModelBalance":{"availableMemoryMb":null,"timeoutSeconds":null,"minInstances":null,"maxInstances":null,"ingressSettings":null,"concurrency":null,"serviceAccountEmail":null,"vpc":null,"platform":"gcfv2","labels":{},"callableTrigger":{},"entryPoint":"getModelBalance"},"requestWithdrawal":{"availableMemoryMb":null,"timeoutSeconds":null,"minInstances":null,"maxInstances":null,"ingressSettings":null,"concurrency":null,"serviceAccountEmail":null,"vpc":null,"platform":"gcfv2","labels":{},"callableTrigger":{},"entryPoint":"requestWithdrawal"},"getWithdrawalHistory":{"availableMemoryMb":null,"timeoutSeconds":null,"minInstances":null,"maxInstances":null,"ingressSettings":null,"concurrency":null,"serviceAccountEmail":null,"vpc":null,"platform":"gcfv2","labels":{},"callableTrigger":{},"entryPoint":"getWithdrawalHistory"},"getTransactionHistory":{"availableMemoryMb":null,"timeoutSeconds":null,"minInstances":null,"maxInstances":null,"ingressSettings":null,"concurrency":null,"serviceAccountEmail":null,"vpc":null,"platform":"gcfv2","labels":{},"callableTrigger":{},"entryPoint":"getTransactionHistory"},"stripeWebhook":{"availableMemoryMb":null,"timeoutSeconds":null,"minInstances":null,"maxInstances":null,"ingressSettings":null,"concurrency":null,"serviceAccountEmail":null,"vpc":null,"platform":"gcfv2","labels":{},"httpsTrigger":{},"entryPoint":"stripeWebhook"},"autoReleaseFunds":{"availableMemoryMb":null,"timeoutSeconds":null,"minInstances":null,"maxInstances":null,"ingressSettings":null,"concurrency":null,"serviceAccountEmail":null,"vpc":null,"platform":"gcfv2","labels":{},"scheduleTrigger":{"schedule":"0 0 * * *","retryConfig":{"retryCount":3},"timeZone":"Europe/London"},"entryPoint":"autoReleaseFunds"},"checkSubscriptionExpiry":{"availableMemoryMb":null,"timeoutSeconds":null,"minInstances":null,"maxInstances":null,"ingressSettings":null,"concurrency":null,"serviceAccountEmail":null,"vpc":null,"platform":"gcfv2","labels":{},"scheduleTrigger":{"schedule":"0 1 * * *","retryConfig":{"retryCount":3},"timeZone":"Europe/London"},"entryPoint":"checkSubscriptionExpiry"}},"specVersion":"v1alpha1","requiredAPIs":[{"api":"cloudscheduler.googleapis.com","reason":"Needed for scheduled functions."}],"extensions":{}}
[info] i  extensions: ensuring required API firebaseextensions.googleapis.com is enabled... 
[debug] [2026-02-19T17:18:45.568Z] > command requires scopes: ["email","openid","https://www.googleapis.com/auth/cloudplatformprojects.readonly","https://www.googleapis.com/auth/firebase","https://www.googleapis.com/auth/cloud-platform"]
[debug] [2026-02-19T17:18:45.568Z] > authorizing via signed-in user (russell.english@stormit.co.uk)
[debug] [2026-02-19T17:18:45.568Z] [iam] checking project model-cloud for permissions ["firebase.projects.get","firebaseextensions.instances.list"]
[debug] [2026-02-19T17:18:45.568Z] Checked if tokens are valid: true, expires at: 1771523170136
[debug] [2026-02-19T17:18:45.568Z] Checked if tokens are valid: true, expires at: 1771523170136
[debug] [2026-02-19T17:18:45.568Z] >>> [apiv2][query] POST https://cloudresourcemanager.googleapis.com/v1/projects/model-cloud:testIamPermissions [none]
[debug] [2026-02-19T17:18:45.568Z] >>> [apiv2][(partial)header] POST https://cloudresourcemanager.googleapis.com/v1/projects/model-cloud:testIamPermissions  x-goog-user-project=model-cloud
[debug] [2026-02-19T17:18:45.568Z] >>> [apiv2][body] POST https://cloudresourcemanager.googleapis.com/v1/projects/model-cloud:testIamPermissions {"permissions":["firebase.projects.get","firebaseextensions.instances.list"]}
[debug] [2026-02-19T17:18:46.176Z] <<< [apiv2][status] POST https://cloudresourcemanager.googleapis.com/v1/projects/model-cloud:testIamPermissions 200
[debug] [2026-02-19T17:18:46.176Z] <<< [apiv2][body] POST https://cloudresourcemanager.googleapis.com/v1/projects/model-cloud:testIamPermissions {"permissions":["firebase.projects.get","firebaseextensions.instances.list"]}
[debug] [2026-02-19T17:18:46.176Z] Checked if tokens are valid: true, expires at: 1771523170136
[debug] [2026-02-19T17:18:46.176Z] Checked if tokens are valid: true, expires at: 1771523170136
[debug] [2026-02-19T17:18:46.177Z] >>> [apiv2][query] GET https://firebaseextensions.googleapis.com/v1beta/projects/model-cloud/instances pageSize=100&pageToken=
[debug] [2026-02-19T17:18:46.901Z] <<< [apiv2][status] GET https://firebaseextensions.googleapis.com/v1beta/projects/model-cloud/instances 200
[debug] [2026-02-19T17:18:46.901Z] <<< [apiv2][body] GET https://firebaseextensions.googleapis.com/v1beta/projects/model-cloud/instances {}
[info] i  functions: Loaded environment variables from .env. 
[info] i  functions: preparing functions directory for uploading... 
[info] i  functions: packaged D:\Development\model-cloud-v4\functions (117.01 KB) for uploading 
[debug] [2026-02-19T17:18:46.947Z] Checked if tokens are valid: true, expires at: 1771523170136
[debug] [2026-02-19T17:18:46.947Z] Checked if tokens are valid: true, expires at: 1771523170136
[debug] [2026-02-19T17:18:46.947Z] >>> [apiv2][query] GET https://cloudfunctions.googleapis.com/v1/projects/model-cloud/locations/-/functions [none]
[debug] [2026-02-19T17:18:47.849Z] <<< [apiv2][status] GET https://cloudfunctions.googleapis.com/v1/projects/model-cloud/locations/-/functions 200
[debug] [2026-02-19T17:18:47.849Z] <<< [apiv2][body] GET https://cloudfunctions.googleapis.com/v1/projects/model-cloud/locations/-/functions {}
[debug] [2026-02-19T17:18:47.850Z] Checked if tokens are valid: true, expires at: 1771523170136
[debug] [2026-02-19T17:18:47.850Z] Checked if tokens are valid: true, expires at: 1771523170136
[debug] [2026-02-19T17:18:47.850Z] >>> [apiv2][query] GET https://cloudfunctions.googleapis.com/v2/projects/model-cloud/locations/-/functions filter=environment%3D%22GEN_2%22
